[debug] [2024-06-09T10:55:07.432Z] ----------------------------------------------------------------------
[debug] [2024-06-09T10:55:07.435Z] Command:       C:\Program Files\nodejs\node.exe C:\Users\grnpr\AppData\Roaming\npm\node_modules\firebase-tools\lib\bin\firebase.js init hosting
[debug] [2024-06-09T10:55:07.435Z] CLI Version:   13.11.2
[debug] [2024-06-09T10:55:07.435Z] Platform:      win32
[debug] [2024-06-09T10:55:07.435Z] Node Version:  v21.4.0
[debug] [2024-06-09T10:55:07.435Z] Time:          Sun Jun 09 2024 16:25:07 GMT+0530 (India Standard Time)
[debug] [2024-06-09T10:55:07.436Z] ----------------------------------------------------------------------
[debug] 
[debug] [2024-06-09T10:55:07.443Z] > command requires scopes: ["email","openid","https://www.googleapis.com/auth/cloudplatformprojects.readonly","https://www.googleapis.com/auth/firebase","https://www.googleapis.com/auth/cloud-platform"]
[debug] [2024-06-09T10:55:07.443Z] > authorizing via signed-in user (cgatreddi@gmail.com)
[info] 
     ######## #### ########  ######## ########     ###     ######  ########
     ##        ##  ##     ## ##       ##     ##  ##   ##  ##       ##
     ######    ##  ########  ######   ########  #########  ######  ######
     ##        ##  ##    ##  ##       ##     ## ##     ##       ## ##
     ##       #### ##     ## ######## ########  ##     ##  ######  ########

You're about to initialize a Firebase project in this directory:

  C:\Users\grnpr\OneDrive\Desktop\hackprix\front-end

[info] 
=== Project Setup
[info] 
[info] First, let's associate this project directory with a Firebase project.
[info] You can create multiple project aliases by running firebase use --add, 
[info] but for now we'll just set up a default project.
[info] 
[debug] [2024-06-09T10:55:18.642Z] >>> [apiv2][query] GET https://firebase.googleapis.com/v1beta1/projects pageSize=100
[debug] [2024-06-09T10:55:19.664Z] <<< [apiv2][status] GET https://firebase.googleapis.com/v1beta1/projects 200
[debug] [2024-06-09T10:55:19.665Z] <<< [apiv2][body] GET https://firebase.googleapis.com/v1beta1/projects [omitted]
[info] i  Using project svasthmaitri (SvasthMaitri) 
[info] 
=== Hosting Setup
[debug] [2024-06-09T10:55:21.134Z] >>> [apiv2][query] GET https://firebase.googleapis.com/v1beta1/projects/svasthmaitri [none]
[debug] [2024-06-09T10:55:21.537Z] <<< [apiv2][status] GET https://firebase.googleapis.com/v1beta1/projects/svasthmaitri 200
[debug] [2024-06-09T10:55:21.537Z] <<< [apiv2][body] GET https://firebase.googleapis.com/v1beta1/projects/svasthmaitri {"projectId":"svasthmaitri","projectNumber":"740156489180","displayName":"SvasthMaitri","name":"projects/svasthmaitri","resources":{"hostingSite":"svasthmaitri","realtimeDatabaseInstance":"svasthmaitri-default-rtdb","storageBucket":"svasthmaitri.appspot.com","locationId":"us-central"},"state":"ACTIVE","etag":"1_939111b0-7e86-4350-80c1-ef81159bb991"}
[info] 
[info] Your public directory is the folder (relative to your project directory) that
[info] will contain Hosting assets to be uploaded with firebase deploy. If you
[info] have a build process for your assets, use your build's output directory.
[info] 
[debug] [2024-06-09T10:55:39.942Z] >>> [apiv2][query] GET https://www.gstatic.com/firebasejs/releases.json [none]
[debug] [2024-06-09T10:55:40.457Z] <<< [apiv2][status] GET https://www.gstatic.com/firebasejs/releases.json 200
[debug] [2024-06-09T10:55:40.458Z] <<< [apiv2][body] GET https://www.gstatic.com/firebasejs/releases.json {"current":{"version":"10.12.2","browserURL":"https://www.gstatic.com/firebasejs/10.12.2/firebase.js","packageURL":"https://www.gstatic.com/firebasejs/10.12.2/firebase.tgz"},"live":{"version":"10.12","browserURL":"https://www.gstatic.com/firebasejs/live/10.12/firebase.js","packageURL":"https://www.gstatic.com/firebasejs/live/10.12/firebase.tgz"},"components":{"analytics":"https://www.gstatic.com/firebasejs/10.12.2/firebase-analytics.js","app":"https://www.gstatic.com/firebasejs/10.12.2/firebase-app.js","app-check":"https://www.gstatic.com/firebasejs/10.12.2/firebase-app-check.js","auth":"https://www.gstatic.com/firebasejs/10.12.2/firebase-auth.js","auth/cordova":"https://www.gstatic.com/firebasejs/10.12.2/firebase-auth/cordova.js","auth/web-extension":"https://www.gstatic.com/firebasejs/10.12.2/firebase-auth/web-extension.js","functions":"https://www.gstatic.com/firebasejs/10.12.2/firebase-functions.js","firestore":"https://www.gstatic.com/firebasejs/10.12.2/firebase-firestore.js","firestore/lite":"https://www.gstatic.com/firebasejs/10.12.2/firebase-firestore/lite.js","installations":"https://www.gstatic.com/firebasejs/10.12.2/firebase-installations.js","storage":"https://www.gstatic.com/firebasejs/10.12.2/firebase-storage.js","performance":"https://www.gstatic.com/firebasejs/10.12.2/firebase-performance.js","remote-config":"https://www.gstatic.com/firebasejs/10.12.2/firebase-remote-config.js","messaging":"https://www.gstatic.com/firebasejs/10.12.2/firebase-messaging.js","messaging/sw":"https://www.gstatic.com/firebasejs/10.12.2/firebase-messaging/sw.js","database":"https://www.gstatic.com/firebasejs/10.12.2/firebase-database.js","vertexai-preview":"https://www.gstatic.com/firebasejs/10.12.2/firebase-vertexai-preview.js","firestore.memory":"https://www.gstatic.com/firebasejs/10.12.2/firebase-firestore.memory.js"}}
[info] +  Wrote public/index.html 
[info] 
[info] i  Detected a .git folder at C:\Users\grnpr\OneDrive\Desktop\hackprix 
[info] i  Authorizing with GitHub to upload your service account to a GitHub repository's secrets store. 
[info] 
[info] Visit this URL on this device to log in:
[info] https://github.com/login/oauth/authorize?client_id=89cf50f02ac6aaed3484&state=134686199&redirect_uri=http%3A%2F%2Flocalhost%3A9005&scope=read%3Auser%20repo%20public_repo
[info] 
[info] Waiting for authentication...
[debug] [2024-06-09T10:55:59.639Z] >>> [apiv2][query] POST https://github.com/login/oauth/access_token [none]
[debug] [2024-06-09T10:55:59.639Z] >>> [apiv2][body] POST https://github.com/login/oauth/access_token [stream]
[debug] [2024-06-09T10:56:00.204Z] <<< [apiv2][status] POST https://github.com/login/oauth/access_token 200
[debug] [2024-06-09T10:56:00.205Z] <<< [apiv2][body] POST https://github.com/login/oauth/access_token {"access_token":"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","token_type":"bearer","scope":"read:user,repo"}
[debug] [2024-06-09T10:56:00.210Z] >>> [apiv2][query] GET https://api.github.com/user [none]
[debug] [2024-06-09T10:56:00.797Z] <<< [apiv2][status] GET https://api.github.com/user 200
[debug] [2024-06-09T10:56:00.797Z] <<< [apiv2][body] GET https://api.github.com/user {"login":"Chaitanya-45","id":139270341,"node_id":"U_kgDOCE0YxQ","avatar_url":"https://avatars.githubusercontent.com/u/139270341?v=4","gravatar_id":"","url":"https://api.github.com/users/Chaitanya-45","html_url":"https://github.com/Chaitanya-45","followers_url":"https://api.github.com/users/Chaitanya-45/followers","following_url":"https://api.github.com/users/Chaitanya-45/following{/other_user}","gists_url":"https://api.github.com/users/Chaitanya-45/gists{/gist_id}","starred_url":"https://api.github.com/users/Chaitanya-45/starred{/owner}{/repo}","subscriptions_url":"https://api.github.com/users/Chaitanya-45/subscriptions","organizations_url":"https://api.github.com/users/Chaitanya-45/orgs","repos_url":"https://api.github.com/users/Chaitanya-45/repos","events_url":"https://api.github.com/users/Chaitanya-45/events{/privacy}","received_events_url":"https://api.github.com/users/Chaitanya-45/received_events","type":"User","site_admin":false,"name":"Chaitanya","company":null,"blog":"","location":null,"email":null,"hireable":null,"bio":null,"twitter_username":null,"public_repos":14,"public_gists":0,"followers":2,"following":15,"created_at":"2023-07-11T19:08:40Z","updated_at":"2024-05-20T13:16:58Z","private_gists":0,"total_private_repos":4,"owned_private_repos":4,"disk_usage":4204,"collaborators":1,"two_factor_authentication":true,"plan":{"name":"pro","space":976562499,"collaborators":0,"private_repos":9999}}
[info] 
[info] +  Success! Logged into GitHub as Chaitanya-45 
[info] 
[debug] [2024-06-09T10:56:40.138Z] >>> [apiv2][query] GET https://api.github.com/repos/manvitha984/SvasthMaitri//actions/secrets/public-key type=owner
[debug] [2024-06-09T10:56:40.696Z] <<< [apiv2][status] GET https://api.github.com/repos/manvitha984/SvasthMaitri//actions/secrets/public-key 404
[debug] [2024-06-09T10:56:40.696Z] <<< [apiv2][body] GET https://api.github.com/repos/manvitha984/SvasthMaitri//actions/secrets/public-key {"message":"Not Found","documentation_url":"https://docs.github.com/rest","status":"404"}
[info] 
[info] 
[error] !  The provided authorization cannot be used with this repository. If this repository is in an organization, did you remember to grant access? 
[info] 
[info] i  Action required: Visit this URL to ensure access has been granted to the appropriate organization(s) for the Firebase CLI GitHub OAuth App: 
[info] https://github.com/settings/connections/applications/89cf50f02ac6aaed3484
[info] 
[debug] [2024-06-09T10:57:31.509Z] >>> [apiv2][query] GET https://api.github.com/repos/manvitha984/SvasthMaitri//actions/secrets/public-key type=owner
[debug] [2024-06-09T10:57:32.048Z] <<< [apiv2][status] GET https://api.github.com/repos/manvitha984/SvasthMaitri//actions/secrets/public-key 404
[debug] [2024-06-09T10:57:32.048Z] <<< [apiv2][body] GET https://api.github.com/repos/manvitha984/SvasthMaitri//actions/secrets/public-key {"message":"Not Found","documentation_url":"https://docs.github.com/rest","status":"404"}
[info] 
[info] 
[error] !  The provided authorization cannot be used with this repository. If this repository is in an organization, did you remember to grant access? 
[info] 
[info] i  Action required: Visit this URL to ensure access has been granted to the appropriate organization(s) for the Firebase CLI GitHub OAuth App: 
[info] https://github.com/settings/connections/applications/89cf50f02ac6aaed3484
[info] 
